159648 StatusCodeError: 302 - ""158298 StatusCodeError: 302 - ""159707 StatusCodeError: 302 - ""159675 StatusCodeError: 302 - ""159648 StatusCodeError: 302 - ""158298 StatusCodeError: 302 - ""159707 StatusCodeError: 302 - ""159675 StatusCodeError: 302 - ""